
   INFO  Server running on [http://127.0.0.1:8000].

  Press Ctrl+C to stop the server

  2026-10-02 04:05:28 / .......................................... ~ 500.50ms
  2026-10-02 04:05:29 /login ....................................... ~ 0.06ms
  2026-10-02 04:07:28 / ............................................ ~ 0.28ms
  2026-10-02 04:07:28 /login ....................................... ~ 0.06ms
  2026-10-02 04:08:42 / ............................................ ~ 0.27ms
  2026-10-02 04:08:42 /login ....................................... ~ 0.06ms
  2026-10-02 04:10:31 /login ..................................... ~ 500.49ms
  2026-10-02 04:10:32 /register .................................... ~ 0.16ms
  2026-10-02 04:10:34 /register .................................... ~ 0.21ms
  2026-10-02 04:10:35 / ............................................ ~ 0.06ms
  2026-10-02 04:10:35 /trigger-sync ................................ ~ 0.20ms
  2026-10-02 04:10:36 /_boost/browser-logs ......................... ~ 0.13ms
  2026-10-02 04:10:36 /_boost/browser-logs ......................... ~ 0.09ms
  2026-10-02 04:10:37 /_boost/browser-logs ......................... ~ 0.21ms
  2026-10-02 04:10:37 /tasks/store ................................. ~ 0.20ms
  2026-10-02 04:10:37 / ............................................ ~ 0.11ms
  2026-10-02 04:10:38 /_boost/browser-logs ......................... ~ 0.05ms
  2026-10-02 04:10:39 /_boost/browser-logs ......................... ~ 0.19ms
